// Jest Snapshot v1, https://goo.gl/fbAQLP

exports[`Filter renders correctly 1`] = `
<Space
  className="filter"
  wrap={true}
>
  <Dropdown
    overlay={
      <Menu>
        <Unknown
          icon={<CheckOutlined />}
        >
          True
        </Unknown>
      </Menu>
    }
    trigger={
      Array [
        "click",
      ]
    }
  >
    <Button>
      License 
      <DownOutlined />
    </Button>
  </Dropdown>
  <Dropdown
    overlay={
      <Menu>
        <Unknown
          icon={<CheckOutlined />}
        >
          True
        </Unknown>
        <Unknown
          icon={<CheckOutlined />}
        >
          Cert type 2
        </Unknown>
      </Menu>
    }
    trigger={
      Array [
        "click",
      ]
    }
  >
    <Button>
      Certified Project 
      <DownOutlined />
    </Button>
  </Dropdown>
  <Dropdown
    overlay={
      <Menu>
        <Unknown
          icon={<CheckOutlined />}
        >
          True
        </Unknown>
      </Menu>
    }
    trigger={
      Array [
        "click",
      ]
    }
  >
    <Button>
      Data Source 
      <DownOutlined />
    </Button>
  </Dropdown>
  <Dropdown
    overlay={
      <Menu>
        <Unknown
          icon={<CheckOutlined />}
        >
          True
        </Unknown>
      </Menu>
    }
    trigger={
      Array [
        "click",
      ]
    }
  >
    <Button>
      Organisation 
      <DownOutlined />
    </Button>
  </Dropdown>
</Space>
`;
