// Jest Snapshot v1, https://goo.gl/fbAQLP

exports[`Footer renders correctly 1`] = `
<Footer
  style={
    Object {
      "paddingLeft": "1rem",
      "paddingRight": "1rem",
    }
  }
>
  <Row
    align="middle"
  >
    <mockConstructor
      style={
        Object {
          "paddingRight": "1rem",
          "textDecoration": "none",
        }
      }
      to="/"
    >
      <Text>
        (c) OPEN!NEXT
      </Text>
    </mockConstructor>
    <mockConstructor
      style={
        Object {
          "paddingRight": "1rem",
          "textDecoration": "none",
        }
      }
      to="https://opennext.eu/"
    >
      <Text>
        Imprint
      </Text>
    </mockConstructor>
    <mockConstructor
      style={
        Object {
          "paddingRight": "1rem",
          "textDecoration": "none",
        }
      }
      to="https://opennext.eu/"
    >
      <Text>
        Legal Disclaimer
      </Text>
    </mockConstructor>
    <mockConstructor
      style={
        Object {
          "paddingRight": "1rem",
          "textDecoration": "none",
        }
      }
      to="/issue"
    >
      <Text>
        Submit an issue
      </Text>
    </mockConstructor>
  </Row>
</Footer>
`;
