// Jest Snapshot v1, https://goo.gl/fbAQLP

exports[`Header renders correctly 1`] = `
<Header>
  <Row
    align="middle"
    justify="space-between"
  >
    <Col>
      <mockConstructor
        to="/"
      >
        <Text
          strong={true}
          style={
            Object {
              "color": "white",
            }
          }
        >
          Default Starter
        </Text>
      </mockConstructor>
    </Col>
    <Col>
      <Menu
        mode="horizontal"
      />
    </Col>
  </Row>
</Header>
`;
