// Jest Snapshot v1, https://goo.gl/fbAQLP

exports[`Header renders correctly 1`] = `
<Header>
  <Row
    justify="space-between"
  >
    <Col
      lg={12}
      md={12}
      sm={20}
      xl={12}
      xs={20}
    >
      <mockConstructor
        className="logo"
        to="/"
      >
        <SvgComponent />
        <div
          className="logo__text"
        >
          <span>
            Library of 
          </span>
          <br />
          <span>
            Open Source Hardware
          </span>
        </div>
      </mockConstructor>
    </Col>
    <Col
      lg={12}
      md={12}
      sm={4}
      xl={12}
      xs={4}
    >
      <Menu
        mode="horizontal"
      >
        <Unknown>
          <mockConstructor
            to="/"
          >
            <Text>
              Explore Data
            </Text>
          </mockConstructor>
        </Unknown>
        <Unknown>
          <mockConstructor
            to="/contribute-data"
          >
            <Text>
              Contribute Data
            </Text>
          </mockConstructor>
        </Unknown>
        <Unknown>
          <mockConstructor
            to="/ecosystem"
          >
            <Text>
              Ecosystem
            </Text>
          </mockConstructor>
        </Unknown>
        <Unknown>
          <mockConstructor
            to="/get-involved"
          >
            <Text>
              Get involved
            </Text>
          </mockConstructor>
        </Unknown>
      </Menu>
    </Col>
  </Row>
</Header>
`;
