// Jest Snapshot v1, https://goo.gl/fbAQLP

exports[`Header renders correctly 1`] = `
<Header>
  <Row
    justify="space-between"
  >
    <Col
      lg={12}
      md={12}
      sm={18}
      xl={12}
      xs={18}
    >
      <mockConstructor
        className="logo"
        to="/"
      >
        <SvgComponent />
        <div
          className="logo__text"
        >
          <span>
            Library of 
          </span>
          <br />
          <span>
            Open Source Hardware
          </span>
        </div>
      </mockConstructor>
    </Col>
    <Col
      className="menu-col"
      lg={12}
      md={12}
      sm={6}
      xl={12}
      xs={6}
    >
      <MobileMenu
        links={
          Array [
            Object {
              "title": "Explore Data",
              "to": "/",
            },
            Object {
              "title": "Contribute Data",
              "to": "/contribute-data",
            },
            Object {
              "title": "Ecosystem",
              "to": "/ecosystem",
            },
            Object {
              "title": "Get involved",
              "to": "/get-involved",
            },
          ]
        }
      />
    </Col>
  </Row>
</Header>
`;
