// Jest Snapshot v1, https://goo.gl/fbAQLP

exports[`Layout renders correctly 1`] = `
<Layout
  style={
    Object {
      "margin": "auto",
      "maxWidth": 1440,
    }
  }
>
  <Header
    headerLinks={
      Array [
        Object {
          "title": "Explore Data",
          "to": "/",
        },
        Object {
          "title": "Contribute specifications",
          "to": "/contribute-specifications",
        },
        Object {
          "title": "About the Project",
          "to": "/about",
        },
        Object {
          "title": "Ecosystem",
          "to": "/ecosystem",
        },
        Object {
          "title": "Get involved",
          "to": "/get-involved",
        },
      ]
    }
    pagePadding={
      Object {
        "paddingLeft": "1rem",
        "paddingRight": "1rem",
      }
    }
  />
  <Unknown
    style={
      Object {
        "paddingLeft": "1rem",
        "paddingRight": "1rem",
      }
    }
  />
  <Footer
    footerLinks={
      Array [
        Object {
          "title": "(c) OPEN!NEXT",
          "to": "/",
        },
        Object {
          "title": "Imprint",
          "to": "https://opennext.eu/",
        },
        Object {
          "title": "Legal Disclaimer",
          "to": "https://opennext.eu/",
        },
        Object {
          "title": "Submit an issue",
          "to": "/issue",
        },
      ]
    }
    pagePadding={
      Object {
        "paddingLeft": "1rem",
        "paddingRight": "1rem",
      }
    }
  />
</Layout>
`;
