// Jest Snapshot v1, https://goo.gl/fbAQLP

exports[`Layout renders correctly 1`] = `
<UNDEFINED
  style={
    Object {
      "margin": "auto",
      "maxWidth": 1440,
    }
  }
>
  <Header
    headerLinks={
      Array [
        Object {
          "title": "Explore Data",
          "to": "/",
        },
        Object {
          "title": "Contribute Data",
          "to": "/contribute-data",
        },
        Object {
          "title": "Ecosystem",
          "to": "/ecosystem",
        },
        Object {
          "title": "Get involved",
          "to": "/get-involved",
        },
      ]
    }
    siteTitle="Library of Open Source Hardware"
  />
  <Content />
  <Footer
    footerLinks={
      Array [
        Object {
          "title": "(c) OPEN!NEXT",
          "to": "/",
        },
        Object {
          "title": "About the Project",
          "to": "/about",
        },
        Object {
          "title": "Legal Disclaimer",
          "to": "/disclaimer",
        },
        Object {
          "title": "Submit an issue",
          "to": "/issue",
        },
      ]
    }
  />
</UNDEFINED>
`;
